########
Error [8] en el archivo: C:\xampp\htdocs\xampp\scabrosfw\sample_admin\edit_entries.php (linea 11) 
Undefined index: id
C:\xampp\htdocs\xampp\scabrosfw\sample_admin\edit_entries.php @ 11 -> sys_error(Array
(
    [0] => 8
    [1] => Undefined index: id
    [2] => C:\xampp\htdocs\xampp\scabrosfw\sample_admin\edit_entries.php
    [3] => 11
    [4] => Array
        (
            [_GET] => Array
                (
                )

            [_POST] => Array
                (
                )

            [_COOKIE] => Array
                (
                    [org_jboss_seam_core_TimeZone] => America/Argentina/Buenos_Aires
                    [org_jboss_seam_core_Locale] => en_US
                    [PHPSESSID] => ss8rddrsp7us513ojk9frlv5k1
                )

            [_FILES] => Array
                (
                )

            [_SESSION] => Array
                (
                    [goto] => /xampp/scabrosfw/sample_admin/user.php
                    [userID] => 1
                    [userNAME] => user
                )

            [_SERVER] => Array
                (
                    [MIBDIRS] => C:/xampp/php/extras/mibs
                    [MYSQL_HOME] => \xampp\mysql\bin
                    [OPENSSL_CONF] => C:/xampp/apache/bin/openssl.cnf
                    [PHP_PEAR_SYSCONF_DIR] => \xampp\php
                    [PHPRC] => \xampp\php
                    [TMP] => \xampp\tmp
                    [HTTP_HOST] => localhost
                    [HTTP_USER_AGENT] => Mozilla/5.0 (Windows NT 6.1; WOW64; rv:41.0) Gecko/20100101 Firefox/41.0
                    [HTTP_ACCEPT] => text/html,application/xhtml+xml,application/xml;q=0.9,*/*;q=0.8
                    [HTTP_ACCEPT_LANGUAGE] => en-US,en;q=0.5
                    [HTTP_ACCEPT_ENCODING] => gzip, deflate
                    [HTTP_REFERER] => http://localhost/xampp/scabrosfw/sample_admin/entries.php
                    [HTTP_COOKIE] => org.jboss.seam.core.TimeZone=America/Argentina/Buenos_Aires; org.jboss.seam.core.Locale=en_US; PHPSESSID=ss8rddrsp7us513ojk9frlv5k1
                    [HTTP_CONNECTION] => keep-alive
                    [PATH] => C:\ProgramData\Oracle\Java\javapath;C:\Windows\system32;C:\Windows;C:\Windows\System32\Wbem;C:\Windows\System32\WindowsPowerShell\v1.0\;C:\Program Files (x86)\Intel\OpenCL SDK\2.0\bin\x86;C:\Program Files (x86)\Intel\OpenCL SDK\2.0\bin\x64;C:\Program Files (x86)\WinSCP\;C:\Program Files\TortoiseSVN\bin;C:\UnxUtils\usr\local\wbin
                    [SystemRoot] => C:\Windows
                    [COMSPEC] => C:\Windows\system32\cmd.exe
                    [PATHEXT] => .COM;.EXE;.BAT;.CMD;.VBS;.VBE;.JS;.JSE;.WSF;.WSH;.MSC
                    [WINDIR] => C:\Windows
                    [SERVER_SIGNATURE] => <address>Apache/2.4.7 (Win32) OpenSSL/0.9.8y PHP/5.4.22 Server at localhost Port 80</address>

                    [SERVER_SOFTWARE] => Apache/2.4.7 (Win32) OpenSSL/0.9.8y PHP/5.4.22
                    [SERVER_NAME] => localhost
                    [SERVER_ADDR] => ::1
                    [SERVER_PORT] => 80
                    [REMOTE_ADDR] => ::1
                    [DOCUMENT_ROOT] => C:/xampp/htdocs
                    [REQUEST_SCHEME] => http
                    [CONTEXT_PREFIX] => 
                    [CONTEXT_DOCUMENT_ROOT] => C:/xampp/htdocs
                    [SERVER_ADMIN] => postmaster@localhost
                    [SCRIPT_FILENAME] => C:/xampp/htdocs/xampp/scabrosfw/sample_admin/edit_entries.php
                    [REMOTE_PORT] => 50379
                    [GATEWAY_INTERFACE] => CGI/1.1
                    [SERVER_PROTOCOL] => HTTP/1.1
                    [REQUEST_METHOD] => GET
                    [QUERY_STRING] => 
                    [REQUEST_URI] => /xampp/scabrosfw/sample_admin/edit_entries.php
                    [SCRIPT_NAME] => /xampp/scabrosfw/sample_admin/edit_entries.php
                    [PHP_SELF] => /xampp/scabrosfw/sample_admin/edit_entries.php
                    [REQUEST_TIME_FLOAT] => 1440187111.528
                    [REQUEST_TIME] => 1440187111
                )

            [tpl] => Layout Object
                (
                    [dir:protected] => 
                    [file:protected] => 
                )

        )

)
)
########
Error [1] en el archivo: C:\xampp\htdocs\xampp\scabrosfw\sample_admin\login.php (linea 12) 
Cannot use object of type stdClass as array
C:\xampp\htdocs\xampp\scabrosfw\core\core.php @ 90 -> sys_error(Array
(
    [0] => 1
    [1] => Cannot use object of type stdClass as array
    [2] => C:\xampp\htdocs\xampp\scabrosfw\sample_admin\login.php
    [3] => 12
)
)
 -> fatal_handler(Array
(
)
)
########
Error [2] en el archivo: C:\xampp\htdocs\xampp\scabrosfw\classes\Entries.php (linea 30) 
Missing argument 1 for Entries::getAll(), called in C:\xampp\htdocs\xampp\scabrosfw\index.php on line 4 and defined
C:\xampp\htdocs\xampp\scabrosfw\classes\Entries.php @ 30 -> sys_error(Array
(
    [0] => 2
    [1] => Missing argument 1 for Entries::getAll(), called in C:\xampp\htdocs\xampp\scabrosfw\index.php on line 4 and defined
    [2] => C:\xampp\htdocs\xampp\scabrosfw\classes\Entries.php
    [3] => 30
    [4] => Array
        (
        )

)
)
C:\xampp\htdocs\xampp\scabrosfw\index.php @ 4 -> getAll(Array
(
)
)
########
Error [1] en el archivo: C:\xampp\htdocs\xampp\scabrosfw\index.php (linea 7) 
Cannot use object of type stdClass as array
C:\xampp\htdocs\xampp\scabrosfw\core\core.php @ 90 -> sys_error(Array
(
    [0] => 1
    [1] => Cannot use object of type stdClass as array
    [2] => C:\xampp\htdocs\xampp\scabrosfw\index.php
    [3] => 7
)
)
 -> fatal_handler(Array
(
)
)
########
Error [8] en el archivo: C:\xampp\htdocs\xampp\scabrosfw\tpls\index.php (linea 5) 
Undefined variable: posts
C:\xampp\htdocs\xampp\scabrosfw\tpls\index.php @ 5 -> sys_error(Array
(
    [0] => 8
    [1] => Undefined variable: posts
    [2] => C:\xampp\htdocs\xampp\scabrosfw\tpls\index.php
    [3] => 5
    [4] => Array
        (
            [_tpl_] => C:\xampp\htdocs\xampp\scabrosfw/tpls//index.php
            [_vars_] => Array
                (
                    [0] => Array
                        (
                            [id] => 3
                            [title] => El ultimo!
                            [subtitle] => El ultimo!
                            [author] => user
                            [text] => <p>Lo juro, despues de este no escribo mas! pero que buena imagen lpm!</p>
                            [date] => 2015-08-21 18:03:11
                            [image] => 
                            [tags] => ojota,fpv,guardaaltair
                        )

                    [1] => Array
                        (
                            [id] => 2
                            [title] => Aca iria otro titulo mas
                            [subtitle] => Aca iria otro titulo mas
                            [author] => user
                            [text] => <p>En este caso sigo menos inspirado que un bacalao. pero bueno. se hace lo que se puede che.</p>
                            [date] => 2015-08-21 18:01:59
                            [image] => 
                            [tags] => nosemecaeunaidea,malisimo
                        )

                    [2] => Array
                        (
                            [id] => 1
                            [title] => I Am Testing!
                            [subtitle] => I Am Testing!
                            [author] => user
                            [text] => <p><strong>Este es un texto largo donde voy a probar como serian los posteos que haga...</strong></p>
                            [date] => 2015-08-20 17:13:12
                            [image] => istari.jpg
                            [tags] => prueba,posteo,istari
                        )

                )

            [_ret_] => 
        )

)
)
C:\xampp\htdocs\xampp\scabrosfw\core\Tpl.php @ 44 -> require(Array
(
    [0] => C:\xampp\htdocs\xampp\scabrosfw\tpls\index.php
)
)
C:\xampp\htdocs\xampp\scabrosfw\core\Tpl.php @ 28 -> loadTemplateFile(Array
(
    [0] => C:\xampp\htdocs\xampp\scabrosfw/tpls//index.php
    [1] => Array
        (
            [0] => Array
                (
                    [id] => 3
                    [title] => El ultimo!
                    [subtitle] => El ultimo!
                    [author] => user
                    [text] => <p>Lo juro, despues de este no escribo mas! pero que buena imagen lpm!</p>
                    [date] => 2015-08-21 18:03:11
                    [image] => 
                    [tags] => ojota,fpv,guardaaltair
                )

            [1] => Array
                (
                    [id] => 2
                    [title] => Aca iria otro titulo mas
                    [subtitle] => Aca iria otro titulo mas
                    [author] => user
                    [text] => <p>En este caso sigo menos inspirado que un bacalao. pero bueno. se hace lo que se puede che.</p>
                    [date] => 2015-08-21 18:01:59
                    [image] => 
                    [tags] => nosemecaeunaidea,malisimo
                )

            [2] => Array
                (
                    [id] => 1
                    [title] => I Am Testing!
                    [subtitle] => I Am Testing!
                    [author] => user
                    [text] => <p><strong>Este es un texto largo donde voy a probar como serian los posteos que haga...</strong></p>
                    [date] => 2015-08-20 17:13:12
                    [image] => istari.jpg
                    [tags] => prueba,posteo,istari
                )

        )

)
)
C:\xampp\htdocs\xampp\scabrosfw\core\Layout.php @ 8 -> loadTemplate(Array
(
    [0] => index
    [1] => Array
        (
            [0] => Array
                (
                    [id] => 3
                    [title] => El ultimo!
                    [subtitle] => El ultimo!
                    [author] => user
                    [text] => <p>Lo juro, despues de este no escribo mas! pero que buena imagen lpm!</p>
                    [date] => 2015-08-21 18:03:11
                    [image] => 
                    [tags] => ojota,fpv,guardaaltair
                )

            [1] => Array
                (
                    [id] => 2
                    [title] => Aca iria otro titulo mas
                    [subtitle] => Aca iria otro titulo mas
                    [author] => user
                    [text] => <p>En este caso sigo menos inspirado que un bacalao. pero bueno. se hace lo que se puede che.</p>
                    [date] => 2015-08-21 18:01:59
                    [image] => 
                    [tags] => nosemecaeunaidea,malisimo
                )

            [2] => Array
                (
                    [id] => 1
                    [title] => I Am Testing!
                    [subtitle] => I Am Testing!
                    [author] => user
                    [text] => <p><strong>Este es un texto largo donde voy a probar como serian los posteos que haga...</strong></p>
                    [date] => 2015-08-20 17:13:12
                    [image] => istari.jpg
                    [tags] => prueba,posteo,istari
                )

        )

)
)
C:\xampp\htdocs\xampp\scabrosfw\index.php @ 7 -> loadTemplate(Array
(
    [0] => index
    [1] => Array
        (
            [0] => Array
                (
                    [id] => 3
                    [title] => El ultimo!
                    [subtitle] => El ultimo!
                    [author] => user
                    [text] => <p>Lo juro, despues de este no escribo mas! pero que buena imagen lpm!</p>
                    [date] => 2015-08-21 18:03:11
                    [image] => 
                    [tags] => ojota,fpv,guardaaltair
                )

            [1] => Array
                (
                    [id] => 2
                    [title] => Aca iria otro titulo mas
                    [subtitle] => Aca iria otro titulo mas
                    [author] => user
                    [text] => <p>En este caso sigo menos inspirado que un bacalao. pero bueno. se hace lo que se puede che.</p>
                    [date] => 2015-08-21 18:01:59
                    [image] => 
                    [tags] => nosemecaeunaidea,malisimo
                )

            [2] => Array
                (
                    [id] => 1
                    [title] => I Am Testing!
                    [subtitle] => I Am Testing!
                    [author] => user
                    [text] => <p><strong>Este es un texto largo donde voy a probar como serian los posteos que haga...</strong></p>
                    [date] => 2015-08-20 17:13:12
                    [image] => istari.jpg
                    [tags] => prueba,posteo,istari
                )

        )

)
)
########
Error [8] en el archivo: C:\xampp\htdocs\xampp\scabrosfw\tpls\post.php (linea 3) 
Undefined index: id
C:\xampp\htdocs\xampp\scabrosfw\tpls\post.php @ 3 -> sys_error(Array
(
    [0] => 8
    [1] => Undefined index: id
    [2] => C:\xampp\htdocs\xampp\scabrosfw\tpls\post.php
    [3] => 3
    [4] => Array
        (
            [_tpl_] => C:\xampp\htdocs\xampp\scabrosfw/tpls//post.php
            [_vars_] => Array
                (
                    [post] => Array
                        (
                            [0] => Array
                                (
                                    [id] => 3
                                    [title] => El ultimo!
                                    [subtitle] => El ultimo!
                                    [author] => user
                                    [text] => <p>Lo juro, despues de este no escribo mas! pero que buena imagen lpm!</p>
                                    [date] => 2015-08-21 18:03:11
                                    [image] => 
                                    [tags] => ojota,fpv,guardaaltair
                                )

                        )

                )

            [post] => Array
                (
                    [0] => Array
                        (
                            [id] => 3
                            [title] => El ultimo!
                            [subtitle] => El ultimo!
                            [author] => user
                            [text] => <p>Lo juro, despues de este no escribo mas! pero que buena imagen lpm!</p>
                            [date] => 2015-08-21 18:03:11
                            [image] => 
                            [tags] => ojota,fpv,guardaaltair
                        )

                )

            [_ret_] => 
        )

)
)
C:\xampp\htdocs\xampp\scabrosfw\core\Tpl.php @ 44 -> require(Array
(
    [0] => C:\xampp\htdocs\xampp\scabrosfw\tpls\post.php
)
)
C:\xampp\htdocs\xampp\scabrosfw\core\Tpl.php @ 28 -> loadTemplateFile(Array
(
    [0] => C:\xampp\htdocs\xampp\scabrosfw/tpls//post.php
    [1] => Array
        (
            [post] => Array
                (
                    [0] => Array
                        (
                            [id] => 3
                            [title] => El ultimo!
                            [subtitle] => El ultimo!
                            [author] => user
                            [text] => <p>Lo juro, despues de este no escribo mas! pero que buena imagen lpm!</p>
                            [date] => 2015-08-21 18:03:11
                            [image] => 
                            [tags] => ojota,fpv,guardaaltair
                        )

                )

        )

)
)
C:\xampp\htdocs\xampp\scabrosfw\core\Layout.php @ 8 -> loadTemplate(Array
(
    [0] => post
    [1] => Array
        (
            [post] => Array
                (
                    [0] => Array
                        (
                            [id] => 3
                            [title] => El ultimo!
                            [subtitle] => El ultimo!
                            [author] => user
                            [text] => <p>Lo juro, despues de este no escribo mas! pero que buena imagen lpm!</p>
                            [date] => 2015-08-21 18:03:11
                            [image] => 
                            [tags] => ojota,fpv,guardaaltair
                        )

                )

        )

)
)
C:\xampp\htdocs\xampp\scabrosfw\post.php @ 14 -> loadTemplate(Array
(
    [0] => post
    [1] => Array
        (
            [post] => Array
                (
                    [0] => Array
                        (
                            [id] => 3
                            [title] => El ultimo!
                            [subtitle] => El ultimo!
                            [author] => user
                            [text] => <p>Lo juro, despues de este no escribo mas! pero que buena imagen lpm!</p>
                            [date] => 2015-08-21 18:03:11
                            [image] => 
                            [tags] => ojota,fpv,guardaaltair
                        )

                )

        )

)
)
########
Error [8] en el archivo: C:\xampp\htdocs\xampp\scabrosfw\tpls\entries.php (linea 63) 
Undefined variable: ads_header
C:\xampp\htdocs\xampp\scabrosfw\tpls\entries.php @ 63 -> sys_error(Array
(
    [0] => 8
    [1] => Undefined variable: ads_header
    [2] => C:\xampp\htdocs\xampp\scabrosfw\tpls\entries.php
    [3] => 63
    [4] => Array
        (
            [_tpl_] => C:\xampp\htdocs\xampp\scabrosfw/tpls//entries.php
            [_vars_] => Array
                (
                    [cabecera] =>     <!-- Page Header -->
    <!-- Set your background image for this header on the line below. -->
    <header class="intro-header" style="background-image: url('img/post-bg.jpg')">
        <div class="container">
            <div class="row">
                <div class="col-lg-8 col-lg-offset-2 col-md-10 col-md-offset-1">
                    <div class="post-heading">
                        <h1>Man must explore, and this is exploration at its greatest</h1>
                        <h2 class="subheading">Problems look mighty small from 150 miles up</h2>
                        <span class="meta">Posted by <a href="#">Start Bootstrap</a> on August 24, 2014</span>
                    </div>
                </div>
            </div>
        </div>
    </header>
                    [contenido] =>     <!-- Page Header -->
    <!-- Set your background image for this header on the line below. -->
    <header class="intro-header" style="background-image: url('http://localhost/xampp/scabrosfw/data/1')">
        <div class="container">
            <div class="row">
                <div class="col-lg-8 col-lg-offset-2 col-md-10 col-md-offset-1">
                    <div class="post-heading">
                        <h1>I Am Testing!</h1>
                        <h2 class="subheading">I Am Testing!</h2>
                        <span class="meta">Posted by <a href="#">user</a> on 2015-08-20</span>
                    </div>
                </div>
            </div>
        </div>
    </header>

    <!-- Post Content -->
    <article>
        <div class="container">
            <div class="row">
                <div class="col-lg-8 col-lg-offset-2 col-md-10 col-md-offset-1">
                  <p><strong>Este es un texto largo donde voy a probar como serian los posteos que haga...</strong></p>                </div>
            </div>
        </div>
    </article>

    <hr>

                    [footer] =>     <!-- Footer -->
    <footer>
        <div class="container">
            <div class="row">
                <div class="col-lg-8 col-lg-offset-2 col-md-10 col-md-offset-1">
                    <ul class="list-inline text-center">
                        <li>
                            <a href="#">
                                <span class="fa-stack fa-lg">
                                    <i class="fa fa-circle fa-stack-2x"></i>
                                    <i class="fa fa-twitter fa-stack-1x fa-inverse"></i>
                                </span>
                            </a>
                        </li>
                        <li>
                            <a href="#">
                                <span class="fa-stack fa-lg">
                                    <i class="fa fa-circle fa-stack-2x"></i>
                                    <i class="fa fa-facebook fa-stack-1x fa-inverse"></i>
                                </span>
                            </a>
                        </li>
                        <li>
                            <a href="#">
                                <span class="fa-stack fa-lg">
                                    <i class="fa fa-circle fa-stack-2x"></i>
                                    <i class="fa fa-github fa-stack-1x fa-inverse"></i>
                                </span>
                            </a>
                        </li>
                    </ul>
                    <p class="copyright text-muted">Copyright &copy; Your Website 2014</p>
                </div>
            </div>
        </div>
    </footer>
                )

            [cabecera] =>     <!-- Page Header -->
    <!-- Set your background image for this header on the line below. -->
    <header class="intro-header" style="background-image: url('img/post-bg.jpg')">
        <div class="container">
            <div class="row">
                <div class="col-lg-8 col-lg-offset-2 col-md-10 col-md-offset-1">
                    <div class="post-heading">
                        <h1>Man must explore, and this is exploration at its greatest</h1>
                        <h2 class="subheading">Problems look mighty small from 150 miles up</h2>
                        <span class="meta">Posted by <a href="#">Start Bootstrap</a> on August 24, 2014</span>
                    </div>
                </div>
            </div>
        </div>
    </header>
            [contenido] =>     <!-- Page Header -->
    <!-- Set your background image for this header on the line below. -->
    <header class="intro-header" style="background-image: url('http://localhost/xampp/scabrosfw/data/1')">
        <div class="container">
            <div class="row">
                <div class="col-lg-8 col-lg-offset-2 col-md-10 col-md-offset-1">
                    <div class="post-heading">
                        <h1>I Am Testing!</h1>
                        <h2 class="subheading">I Am Testing!</h2>
                        <span class="meta">Posted by <a href="#">user</a> on 2015-08-20</span>
                    </div>
                </div>
            </div>
        </div>
    </header>

    <!-- Post Content -->
    <article>
        <div class="container">
            <div class="row">
                <div class="col-lg-8 col-lg-offset-2 col-md-10 col-md-offset-1">
                  <p><strong>Este es un texto largo donde voy a probar como serian los posteos que haga...</strong></p>                </div>
            </div>
        </div>
    </article>

    <hr>

            [footer] =>     <!-- Footer -->
    <footer>
        <div class="container">
            <div class="row">
                <div class="col-lg-8 col-lg-offset-2 col-md-10 col-md-offset-1">
                    <ul class="list-inline text-center">
                        <li>
                            <a href="#">
                                <span class="fa-stack fa-lg">
                                    <i class="fa fa-circle fa-stack-2x"></i>
                                    <i class="fa fa-twitter fa-stack-1x fa-inverse"></i>
                                </span>
                            </a>
                        </li>
                        <li>
                            <a href="#">
                                <span class="fa-stack fa-lg">
                                    <i class="fa fa-circle fa-stack-2x"></i>
                                    <i class="fa fa-facebook fa-stack-1x fa-inverse"></i>
                                </span>
                            </a>
                        </li>
                        <li>
                            <a href="#">
                                <span class="fa-stack fa-lg">
                                    <i class="fa fa-circle fa-stack-2x"></i>
                                    <i class="fa fa-github fa-stack-1x fa-inverse"></i>
                                </span>
                            </a>
                        </li>
                    </ul>
                    <p class="copyright text-muted">Copyright &copy; Your Website 2014</p>
                </div>
            </div>
        </div>
    </footer>
            [_ret_] => 
        )

)
)
C:\xampp\htdocs\xampp\scabrosfw\core\Tpl.php @ 44 -> require(Array
(
    [0] => C:\xampp\htdocs\xampp\scabrosfw\tpls\entries.php
)
)
C:\xampp\htdocs\xampp\scabrosfw\core\Tpl.php @ 28 -> loadTemplateFile(Array
(
    [0] => C:\xampp\htdocs\xampp\scabrosfw/tpls//entries.php
    [1] => Array
        (
            [cabecera] =>     <!-- Page Header -->
    <!-- Set your background image for this header on the line below. -->
    <header class="intro-header" style="background-image: url('img/post-bg.jpg')">
        <div class="container">
            <div class="row">
                <div class="col-lg-8 col-lg-offset-2 col-md-10 col-md-offset-1">
                    <div class="post-heading">
                        <h1>Man must explore, and this is exploration at its greatest</h1>
                        <h2 class="subheading">Problems look mighty small from 150 miles up</h2>
                        <span class="meta">Posted by <a href="#">Start Bootstrap</a> on August 24, 2014</span>
                    </div>
                </div>
            </div>
        </div>
    </header>
            [contenido] =>     <!-- Page Header -->
    <!-- Set your background image for this header on the line below. -->
    <header class="intro-header" style="background-image: url('http://localhost/xampp/scabrosfw/data/1')">
        <div class="container">
            <div class="row">
                <div class="col-lg-8 col-lg-offset-2 col-md-10 col-md-offset-1">
                    <div class="post-heading">
                        <h1>I Am Testing!</h1>
                        <h2 class="subheading">I Am Testing!</h2>
                        <span class="meta">Posted by <a href="#">user</a> on 2015-08-20</span>
                    </div>
                </div>
            </div>
        </div>
    </header>

    <!-- Post Content -->
    <article>
        <div class="container">
            <div class="row">
                <div class="col-lg-8 col-lg-offset-2 col-md-10 col-md-offset-1">
                  <p><strong>Este es un texto largo donde voy a probar como serian los posteos que haga...</strong></p>                </div>
            </div>
        </div>
    </article>

    <hr>

            [footer] =>     <!-- Footer -->
    <footer>
        <div class="container">
            <div class="row">
                <div class="col-lg-8 col-lg-offset-2 col-md-10 col-md-offset-1">
                    <ul class="list-inline text-center">
                        <li>
                            <a href="#">
                                <span class="fa-stack fa-lg">
                                    <i class="fa fa-circle fa-stack-2x"></i>
                                    <i class="fa fa-twitter fa-stack-1x fa-inverse"></i>
                                </span>
                            </a>
                        </li>
                        <li>
                            <a href="#">
                                <span class="fa-stack fa-lg">
                                    <i class="fa fa-circle fa-stack-2x"></i>
                                    <i class="fa fa-facebook fa-stack-1x fa-inverse"></i>
                                </span>
                            </a>
                        </li>
                        <li>
                            <a href="#">
                                <span class="fa-stack fa-lg">
                                    <i class="fa fa-circle fa-stack-2x"></i>
                                    <i class="fa fa-github fa-stack-1x fa-inverse"></i>
                                </span>
                            </a>
                        </li>
                    </ul>
                    <p class="copyright text-muted">Copyright &copy; Your Website 2014</p>
                </div>
            </div>
        </div>
    </footer>
        )

)
)
C:\xampp\htdocs\xampp\scabrosfw\core\Layout.php @ 36 -> loadTemplate(Array
(
    [0] => entries
    [1] => Array
        (
            [cabecera] =>     <!-- Page Header -->
    <!-- Set your background image for this header on the line below. -->
    <header class="intro-header" style="background-image: url('img/post-bg.jpg')">
        <div class="container">
            <div class="row">
                <div class="col-lg-8 col-lg-offset-2 col-md-10 col-md-offset-1">
                    <div class="post-heading">
                        <h1>Man must explore, and this is exploration at its greatest</h1>
                        <h2 class="subheading">Problems look mighty small from 150 miles up</h2>
                        <span class="meta">Posted by <a href="#">Start Bootstrap</a> on August 24, 2014</span>
                    </div>
                </div>
            </div>
        </div>
    </header>
            [contenido] =>     <!-- Page Header -->
    <!-- Set your background image for this header on the line below. -->
    <header class="intro-header" style="background-image: url('http://localhost/xampp/scabrosfw/data/1')">
        <div class="container">
            <div class="row">
                <div class="col-lg-8 col-lg-offset-2 col-md-10 col-md-offset-1">
                    <div class="post-heading">
                        <h1>I Am Testing!</h1>
                        <h2 class="subheading">I Am Testing!</h2>
                        <span class="meta">Posted by <a href="#">user</a> on 2015-08-20</span>
                    </div>
                </div>
            </div>
        </div>
    </header>

    <!-- Post Content -->
    <article>
        <div class="container">
            <div class="row">
                <div class="col-lg-8 col-lg-offset-2 col-md-10 col-md-offset-1">
                  <p><strong>Este es un texto largo donde voy a probar como serian los posteos que haga...</strong></p>                </div>
            </div>
        </div>
    </article>

    <hr>

            [footer] =>     <!-- Footer -->
    <footer>
        <div class="container">
            <div class="row">
                <div class="col-lg-8 col-lg-offset-2 col-md-10 col-md-offset-1">
                    <ul class="list-inline text-center">
                        <li>
                            <a href="#">
                                <span class="fa-stack fa-lg">
                                    <i class="fa fa-circle fa-stack-2x"></i>
                                    <i class="fa fa-twitter fa-stack-1x fa-inverse"></i>
                                </span>
                            </a>
                        </li>
                        <li>
                            <a href="#">
                                <span class="fa-stack fa-lg">
                                    <i class="fa fa-circle fa-stack-2x"></i>
                                    <i class="fa fa-facebook fa-stack-1x fa-inverse"></i>
                                </span>
                            </a>
                        </li>
                        <li>
                            <a href="#">
                                <span class="fa-stack fa-lg">
                                    <i class="fa fa-circle fa-stack-2x"></i>
                                    <i class="fa fa-github fa-stack-1x fa-inverse"></i>
                                </span>
                            </a>
                        </li>
                    </ul>
                    <p class="copyright text-muted">Copyright &copy; Your Website 2014</p>
                </div>
            </div>
        </div>
    </footer>
        )

)
)
C:\xampp\htdocs\xampp\scabrosfw\post.php @ 14 -> entriesLayout(Array
(
    [0] =>     <!-- Page Header -->
    <!-- Set your background image for this header on the line below. -->
    <header class="intro-header" style="background-image: url('http://localhost/xampp/scabrosfw/data/1')">
        <div class="container">
            <div class="row">
                <div class="col-lg-8 col-lg-offset-2 col-md-10 col-md-offset-1">
                    <div class="post-heading">
                        <h1>I Am Testing!</h1>
                        <h2 class="subheading">I Am Testing!</h2>
                        <span class="meta">Posted by <a href="#">user</a> on 2015-08-20</span>
                    </div>
                </div>
            </div>
        </div>
    </header>

    <!-- Post Content -->
    <article>
        <div class="container">
            <div class="row">
                <div class="col-lg-8 col-lg-offset-2 col-md-10 col-md-offset-1">
                  <p><strong>Este es un texto largo donde voy a probar como serian los posteos que haga...</strong></p>                </div>
            </div>
        </div>
    </article>

    <hr>

)
)
########
Error [8] en el archivo: C:\xampp\htdocs\xampp\scabrosfw\tpls\entries.php (linea 63) 
Undefined variable: ads_header
C:\xampp\htdocs\xampp\scabrosfw\tpls\entries.php @ 63 -> sys_error(Array
(
    [0] => 8
    [1] => Undefined variable: ads_header
    [2] => C:\xampp\htdocs\xampp\scabrosfw\tpls\entries.php
    [3] => 63
    [4] => Array
        (
            [_tpl_] => C:\xampp\htdocs\xampp\scabrosfw/tpls//entries.php
            [_vars_] => Array
                (
                    [cabecera] =>     <!-- Page Header -->
    <!-- Set your background image for this header on the line below. -->
    <header class="intro-header" style="background-image: url('img/post-bg.jpg')">
        <div class="container">
            <div class="row">
                <div class="col-lg-8 col-lg-offset-2 col-md-10 col-md-offset-1">
                    <div class="post-heading">
                        <h1>Man must explore, and this is exploration at its greatest</h1>
                        <h2 class="subheading">Problems look mighty small from 150 miles up</h2>
                        <span class="meta">Posted by <a href="#">Start Bootstrap</a> on August 24, 2014</span>
                    </div>
                </div>
            </div>
        </div>
    </header>
                    [contenido] =>     <!-- Page Header -->
    <!-- Set your background image for this header on the line below. -->
    <header class="intro-header" style="background-image: url('http://localhost/xampp/scabrosfw/data/1')">
        <div class="container">
            <div class="row">
                <div class="col-lg-8 col-lg-offset-2 col-md-10 col-md-offset-1">
                    <div class="post-heading">
                        <h1>I Am Testing!</h1>
                        <h2 class="subheading">I Am Testing!</h2>
                        <span class="meta">Posted by <a href="#">user</a> on 2015-08-20</span>
                    </div>
                </div>
            </div>
        </div>
    </header>

    <!-- Post Content -->
    <article>
        <div class="container">
            <div class="row">
                <div class="col-lg-8 col-lg-offset-2 col-md-10 col-md-offset-1">
                  <p><strong>Este es un texto largo donde voy a probar como serian los posteos que haga...</strong></p>                </div>
            </div>
        </div>
    </article>

    <hr>

                    [footer] =>     <!-- Footer -->
    <footer>
        <div class="container">
            <div class="row">
                <div class="col-lg-8 col-lg-offset-2 col-md-10 col-md-offset-1">
                    <ul class="list-inline text-center">
                        <li>
                            <a href="#">
                                <span class="fa-stack fa-lg">
                                    <i class="fa fa-circle fa-stack-2x"></i>
                                    <i class="fa fa-twitter fa-stack-1x fa-inverse"></i>
                                </span>
                            </a>
                        </li>
                        <li>
                            <a href="#">
                                <span class="fa-stack fa-lg">
                                    <i class="fa fa-circle fa-stack-2x"></i>
                                    <i class="fa fa-facebook fa-stack-1x fa-inverse"></i>
                                </span>
                            </a>
                        </li>
                        <li>
                            <a href="#">
                                <span class="fa-stack fa-lg">
                                    <i class="fa fa-circle fa-stack-2x"></i>
                                    <i class="fa fa-github fa-stack-1x fa-inverse"></i>
                                </span>
                            </a>
                        </li>
                    </ul>
                    <p class="copyright text-muted">Copyright &copy; Your Website 2014</p>
                </div>
            </div>
        </div>
    </footer>
                )

            [cabecera] =>     <!-- Page Header -->
    <!-- Set your background image for this header on the line below. -->
    <header class="intro-header" style="background-image: url('img/post-bg.jpg')">
        <div class="container">
            <div class="row">
                <div class="col-lg-8 col-lg-offset-2 col-md-10 col-md-offset-1">
                    <div class="post-heading">
                        <h1>Man must explore, and this is exploration at its greatest</h1>
                        <h2 class="subheading">Problems look mighty small from 150 miles up</h2>
                        <span class="meta">Posted by <a href="#">Start Bootstrap</a> on August 24, 2014</span>
                    </div>
                </div>
            </div>
        </div>
    </header>
            [contenido] =>     <!-- Page Header -->
    <!-- Set your background image for this header on the line below. -->
    <header class="intro-header" style="background-image: url('http://localhost/xampp/scabrosfw/data/1')">
        <div class="container">
            <div class="row">
                <div class="col-lg-8 col-lg-offset-2 col-md-10 col-md-offset-1">
                    <div class="post-heading">
                        <h1>I Am Testing!</h1>
                        <h2 class="subheading">I Am Testing!</h2>
                        <span class="meta">Posted by <a href="#">user</a> on 2015-08-20</span>
                    </div>
                </div>
            </div>
        </div>
    </header>

    <!-- Post Content -->
    <article>
        <div class="container">
            <div class="row">
                <div class="col-lg-8 col-lg-offset-2 col-md-10 col-md-offset-1">
                  <p><strong>Este es un texto largo donde voy a probar como serian los posteos que haga...</strong></p>                </div>
            </div>
        </div>
    </article>

    <hr>

            [footer] =>     <!-- Footer -->
    <footer>
        <div class="container">
            <div class="row">
                <div class="col-lg-8 col-lg-offset-2 col-md-10 col-md-offset-1">
                    <ul class="list-inline text-center">
                        <li>
                            <a href="#">
                                <span class="fa-stack fa-lg">
                                    <i class="fa fa-circle fa-stack-2x"></i>
                                    <i class="fa fa-twitter fa-stack-1x fa-inverse"></i>
                                </span>
                            </a>
                        </li>
                        <li>
                            <a href="#">
                                <span class="fa-stack fa-lg">
                                    <i class="fa fa-circle fa-stack-2x"></i>
                                    <i class="fa fa-facebook fa-stack-1x fa-inverse"></i>
                                </span>
                            </a>
                        </li>
                        <li>
                            <a href="#">
                                <span class="fa-stack fa-lg">
                                    <i class="fa fa-circle fa-stack-2x"></i>
                                    <i class="fa fa-github fa-stack-1x fa-inverse"></i>
                                </span>
                            </a>
                        </li>
                    </ul>
                    <p class="copyright text-muted">Copyright &copy; Your Website 2014</p>
                </div>
            </div>
        </div>
    </footer>
            [_ret_] => 
        )

)
)
C:\xampp\htdocs\xampp\scabrosfw\core\Tpl.php @ 44 -> require(Array
(
    [0] => C:\xampp\htdocs\xampp\scabrosfw\tpls\entries.php
)
)
C:\xampp\htdocs\xampp\scabrosfw\core\Tpl.php @ 28 -> loadTemplateFile(Array
(
    [0] => C:\xampp\htdocs\xampp\scabrosfw/tpls//entries.php
    [1] => Array
        (
            [cabecera] =>     <!-- Page Header -->
    <!-- Set your background image for this header on the line below. -->
    <header class="intro-header" style="background-image: url('img/post-bg.jpg')">
        <div class="container">
            <div class="row">
                <div class="col-lg-8 col-lg-offset-2 col-md-10 col-md-offset-1">
                    <div class="post-heading">
                        <h1>Man must explore, and this is exploration at its greatest</h1>
                        <h2 class="subheading">Problems look mighty small from 150 miles up</h2>
                        <span class="meta">Posted by <a href="#">Start Bootstrap</a> on August 24, 2014</span>
                    </div>
                </div>
            </div>
        </div>
    </header>
            [contenido] =>     <!-- Page Header -->
    <!-- Set your background image for this header on the line below. -->
    <header class="intro-header" style="background-image: url('http://localhost/xampp/scabrosfw/data/1')">
        <div class="container">
            <div class="row">
                <div class="col-lg-8 col-lg-offset-2 col-md-10 col-md-offset-1">
                    <div class="post-heading">
                        <h1>I Am Testing!</h1>
                        <h2 class="subheading">I Am Testing!</h2>
                        <span class="meta">Posted by <a href="#">user</a> on 2015-08-20</span>
                    </div>
                </div>
            </div>
        </div>
    </header>

    <!-- Post Content -->
    <article>
        <div class="container">
            <div class="row">
                <div class="col-lg-8 col-lg-offset-2 col-md-10 col-md-offset-1">
                  <p><strong>Este es un texto largo donde voy a probar como serian los posteos que haga...</strong></p>                </div>
            </div>
        </div>
    </article>

    <hr>

            [footer] =>     <!-- Footer -->
    <footer>
        <div class="container">
            <div class="row">
                <div class="col-lg-8 col-lg-offset-2 col-md-10 col-md-offset-1">
                    <ul class="list-inline text-center">
                        <li>
                            <a href="#">
                                <span class="fa-stack fa-lg">
                                    <i class="fa fa-circle fa-stack-2x"></i>
                                    <i class="fa fa-twitter fa-stack-1x fa-inverse"></i>
                                </span>
                            </a>
                        </li>
                        <li>
                            <a href="#">
                                <span class="fa-stack fa-lg">
                                    <i class="fa fa-circle fa-stack-2x"></i>
                                    <i class="fa fa-facebook fa-stack-1x fa-inverse"></i>
                                </span>
                            </a>
                        </li>
                        <li>
                            <a href="#">
                                <span class="fa-stack fa-lg">
                                    <i class="fa fa-circle fa-stack-2x"></i>
                                    <i class="fa fa-github fa-stack-1x fa-inverse"></i>
                                </span>
                            </a>
                        </li>
                    </ul>
                    <p class="copyright text-muted">Copyright &copy; Your Website 2014</p>
                </div>
            </div>
        </div>
    </footer>
        )

)
)
C:\xampp\htdocs\xampp\scabrosfw\core\Layout.php @ 36 -> loadTemplate(Array
(
    [0] => entries
    [1] => Array
        (
            [cabecera] =>     <!-- Page Header -->
    <!-- Set your background image for this header on the line below. -->
    <header class="intro-header" style="background-image: url('img/post-bg.jpg')">
        <div class="container">
            <div class="row">
                <div class="col-lg-8 col-lg-offset-2 col-md-10 col-md-offset-1">
                    <div class="post-heading">
                        <h1>Man must explore, and this is exploration at its greatest</h1>
                        <h2 class="subheading">Problems look mighty small from 150 miles up</h2>
                        <span class="meta">Posted by <a href="#">Start Bootstrap</a> on August 24, 2014</span>
                    </div>
                </div>
            </div>
        </div>
    </header>
            [contenido] =>     <!-- Page Header -->
    <!-- Set your background image for this header on the line below. -->
    <header class="intro-header" style="background-image: url('http://localhost/xampp/scabrosfw/data/1')">
        <div class="container">
            <div class="row">
                <div class="col-lg-8 col-lg-offset-2 col-md-10 col-md-offset-1">
                    <div class="post-heading">
                        <h1>I Am Testing!</h1>
                        <h2 class="subheading">I Am Testing!</h2>
                        <span class="meta">Posted by <a href="#">user</a> on 2015-08-20</span>
                    </div>
                </div>
            </div>
        </div>
    </header>

    <!-- Post Content -->
    <article>
        <div class="container">
            <div class="row">
                <div class="col-lg-8 col-lg-offset-2 col-md-10 col-md-offset-1">
                  <p><strong>Este es un texto largo donde voy a probar como serian los posteos que haga...</strong></p>                </div>
            </div>
        </div>
    </article>

    <hr>

            [footer] =>     <!-- Footer -->
    <footer>
        <div class="container">
            <div class="row">
                <div class="col-lg-8 col-lg-offset-2 col-md-10 col-md-offset-1">
                    <ul class="list-inline text-center">
                        <li>
                            <a href="#">
                                <span class="fa-stack fa-lg">
                                    <i class="fa fa-circle fa-stack-2x"></i>
                                    <i class="fa fa-twitter fa-stack-1x fa-inverse"></i>
                                </span>
                            </a>
                        </li>
                        <li>
                            <a href="#">
                                <span class="fa-stack fa-lg">
                                    <i class="fa fa-circle fa-stack-2x"></i>
                                    <i class="fa fa-facebook fa-stack-1x fa-inverse"></i>
                                </span>
                            </a>
                        </li>
                        <li>
                            <a href="#">
                                <span class="fa-stack fa-lg">
                                    <i class="fa fa-circle fa-stack-2x"></i>
                                    <i class="fa fa-github fa-stack-1x fa-inverse"></i>
                                </span>
                            </a>
                        </li>
                    </ul>
                    <p class="copyright text-muted">Copyright &copy; Your Website 2014</p>
                </div>
            </div>
        </div>
    </footer>
        )

)
)
C:\xampp\htdocs\xampp\scabrosfw\post.php @ 14 -> entriesLayout(Array
(
    [0] =>     <!-- Page Header -->
    <!-- Set your background image for this header on the line below. -->
    <header class="intro-header" style="background-image: url('http://localhost/xampp/scabrosfw/data/1')">
        <div class="container">
            <div class="row">
                <div class="col-lg-8 col-lg-offset-2 col-md-10 col-md-offset-1">
                    <div class="post-heading">
                        <h1>I Am Testing!</h1>
                        <h2 class="subheading">I Am Testing!</h2>
                        <span class="meta">Posted by <a href="#">user</a> on 2015-08-20</span>
                    </div>
                </div>
            </div>
        </div>
    </header>

    <!-- Post Content -->
    <article>
        <div class="container">
            <div class="row">
                <div class="col-lg-8 col-lg-offset-2 col-md-10 col-md-offset-1">
                  <p><strong>Este es un texto largo donde voy a probar como serian los posteos que haga...</strong></p>                </div>
            </div>
        </div>
    </article>

    <hr>

)
)
########
Error [8] en el archivo: C:\xampp\htdocs\xampp\scabrosfw\tpls\blog_layout.php (linea 39) 
Undefined variable: navigation
C:\xampp\htdocs\xampp\scabrosfw\tpls\blog_layout.php @ 39 -> sys_error(Array
(
    [0] => 8
    [1] => Undefined variable: navigation
    [2] => C:\xampp\htdocs\xampp\scabrosfw\tpls\blog_layout.php
    [3] => 39
    [4] => Array
        (
            [_tpl_] => C:\xampp\htdocs\xampp\scabrosfw/tpls//blog_layout.php
            [_vars_] => Array
                (
                    [cabecera] =>     <!-- Page Header -->
    <!-- Set your background image for this header on the line below. -->
    <header class="intro-header" style="background-image: url('img/post-bg.jpg')">
        <div class="container">
            <div class="row">
                <div class="col-lg-8 col-lg-offset-2 col-md-10 col-md-offset-1">
                    <div class="post-heading">
                        <h1>Man must explore, and this is exploration at its greatest</h1>
                        <h2 class="subheading">Problems look mighty small from 150 miles up</h2>
                        <span class="meta">Posted by <a href="#">Start Bootstrap</a> on August 24, 2014</span>
                    </div>
                </div>
            </div>
        </div>
    </header>
                    [contenido] =>     <!-- Page Header -->
    <!-- Set your background image for this header on the line below. -->
    <header class="intro-header" style="background-image: url('http://localhost/xampp/scabrosfw/data/1')">
        <div class="container">
            <div class="row">
                <div class="col-lg-8 col-lg-offset-2 col-md-10 col-md-offset-1">
                    <div class="post-heading">
                        <h1>I Am Testing!</h1>
                        <h2 class="subheading">I Am Testing!</h2>
                        <span class="meta">Posted by <a href="#">user</a> on 2015-08-20</span>
                    </div>
                </div>
            </div>
        </div>
    </header>

    <!-- Post Content -->
    <article>
        <div class="container">
            <div class="row">
                <div class="col-lg-8 col-lg-offset-2 col-md-10 col-md-offset-1">
                  <p><strong>Este es un texto largo donde voy a probar como serian los posteos que haga...</strong></p>                </div>
            </div>
        </div>
    </article>

    <hr>

                    [footer] =>     <!-- Footer -->
    <footer>
        <div class="container">
            <div class="row">
                <div class="col-lg-8 col-lg-offset-2 col-md-10 col-md-offset-1">
                    <ul class="list-inline text-center">
                        <li>
                            <a href="#">
                                <span class="fa-stack fa-lg">
                                    <i class="fa fa-circle fa-stack-2x"></i>
                                    <i class="fa fa-twitter fa-stack-1x fa-inverse"></i>
                                </span>
                            </a>
                        </li>
                        <li>
                            <a href="#">
                                <span class="fa-stack fa-lg">
                                    <i class="fa fa-circle fa-stack-2x"></i>
                                    <i class="fa fa-facebook fa-stack-1x fa-inverse"></i>
                                </span>
                            </a>
                        </li>
                        <li>
                            <a href="#">
                                <span class="fa-stack fa-lg">
                                    <i class="fa fa-circle fa-stack-2x"></i>
                                    <i class="fa fa-github fa-stack-1x fa-inverse"></i>
                                </span>
                            </a>
                        </li>
                    </ul>
                    <p class="copyright text-muted">Copyright &copy; Your Website 2014</p>
                </div>
            </div>
        </div>
    </footer>
                )

            [cabecera] =>     <!-- Page Header -->
    <!-- Set your background image for this header on the line below. -->
    <header class="intro-header" style="background-image: url('img/post-bg.jpg')">
        <div class="container">
            <div class="row">
                <div class="col-lg-8 col-lg-offset-2 col-md-10 col-md-offset-1">
                    <div class="post-heading">
                        <h1>Man must explore, and this is exploration at its greatest</h1>
                        <h2 class="subheading">Problems look mighty small from 150 miles up</h2>
                        <span class="meta">Posted by <a href="#">Start Bootstrap</a> on August 24, 2014</span>
                    </div>
                </div>
            </div>
        </div>
    </header>
            [contenido] =>     <!-- Page Header -->
    <!-- Set your background image for this header on the line below. -->
    <header class="intro-header" style="background-image: url('http://localhost/xampp/scabrosfw/data/1')">
        <div class="container">
            <div class="row">
                <div class="col-lg-8 col-lg-offset-2 col-md-10 col-md-offset-1">
                    <div class="post-heading">
                        <h1>I Am Testing!</h1>
                        <h2 class="subheading">I Am Testing!</h2>
                        <span class="meta">Posted by <a href="#">user</a> on 2015-08-20</span>
                    </div>
                </div>
            </div>
        </div>
    </header>

    <!-- Post Content -->
    <article>
        <div class="container">
            <div class="row">
                <div class="col-lg-8 col-lg-offset-2 col-md-10 col-md-offset-1">
                  <p><strong>Este es un texto largo donde voy a probar como serian los posteos que haga...</strong></p>                </div>
            </div>
        </div>
    </article>

    <hr>

            [footer] =>     <!-- Footer -->
    <footer>
        <div class="container">
            <div class="row">
                <div class="col-lg-8 col-lg-offset-2 col-md-10 col-md-offset-1">
                    <ul class="list-inline text-center">
                        <li>
                            <a href="#">
                                <span class="fa-stack fa-lg">
                                    <i class="fa fa-circle fa-stack-2x"></i>
                                    <i class="fa fa-twitter fa-stack-1x fa-inverse"></i>
                                </span>
                            </a>
                        </li>
                        <li>
                            <a href="#">
                                <span class="fa-stack fa-lg">
                                    <i class="fa fa-circle fa-stack-2x"></i>
                                    <i class="fa fa-facebook fa-stack-1x fa-inverse"></i>
                                </span>
                            </a>
                        </li>
                        <li>
                            <a href="#">
                                <span class="fa-stack fa-lg">
                                    <i class="fa fa-circle fa-stack-2x"></i>
                                    <i class="fa fa-github fa-stack-1x fa-inverse"></i>
                                </span>
                            </a>
                        </li>
                    </ul>
                    <p class="copyright text-muted">Copyright &copy; Your Website 2014</p>
                </div>
            </div>
        </div>
    </footer>
            [_ret_] => 
        )

)
)
C:\xampp\htdocs\xampp\scabrosfw\core\Tpl.php @ 44 -> require(Array
(
    [0] => C:\xampp\htdocs\xampp\scabrosfw\tpls\blog_layout.php
)
)
C:\xampp\htdocs\xampp\scabrosfw\core\Tpl.php @ 28 -> loadTemplateFile(Array
(
    [0] => C:\xampp\htdocs\xampp\scabrosfw/tpls//blog_layout.php
    [1] => Array
        (
            [cabecera] =>     <!-- Page Header -->
    <!-- Set your background image for this header on the line below. -->
    <header class="intro-header" style="background-image: url('img/post-bg.jpg')">
        <div class="container">
            <div class="row">
                <div class="col-lg-8 col-lg-offset-2 col-md-10 col-md-offset-1">
                    <div class="post-heading">
                        <h1>Man must explore, and this is exploration at its greatest</h1>
                        <h2 class="subheading">Problems look mighty small from 150 miles up</h2>
                        <span class="meta">Posted by <a href="#">Start Bootstrap</a> on August 24, 2014</span>
                    </div>
                </div>
            </div>
        </div>
    </header>
            [contenido] =>     <!-- Page Header -->
    <!-- Set your background image for this header on the line below. -->
    <header class="intro-header" style="background-image: url('http://localhost/xampp/scabrosfw/data/1')">
        <div class="container">
            <div class="row">
                <div class="col-lg-8 col-lg-offset-2 col-md-10 col-md-offset-1">
                    <div class="post-heading">
                        <h1>I Am Testing!</h1>
                        <h2 class="subheading">I Am Testing!</h2>
                        <span class="meta">Posted by <a href="#">user</a> on 2015-08-20</span>
                    </div>
                </div>
            </div>
        </div>
    </header>

    <!-- Post Content -->
    <article>
        <div class="container">
            <div class="row">
                <div class="col-lg-8 col-lg-offset-2 col-md-10 col-md-offset-1">
                  <p><strong>Este es un texto largo donde voy a probar como serian los posteos que haga...</strong></p>                </div>
            </div>
        </div>
    </article>

    <hr>

            [footer] =>     <!-- Footer -->
    <footer>
        <div class="container">
            <div class="row">
                <div class="col-lg-8 col-lg-offset-2 col-md-10 col-md-offset-1">
                    <ul class="list-inline text-center">
                        <li>
                            <a href="#">
                                <span class="fa-stack fa-lg">
                                    <i class="fa fa-circle fa-stack-2x"></i>
                                    <i class="fa fa-twitter fa-stack-1x fa-inverse"></i>
                                </span>
                            </a>
                        </li>
                        <li>
                            <a href="#">
                                <span class="fa-stack fa-lg">
                                    <i class="fa fa-circle fa-stack-2x"></i>
                                    <i class="fa fa-facebook fa-stack-1x fa-inverse"></i>
                                </span>
                            </a>
                        </li>
                        <li>
                            <a href="#">
                                <span class="fa-stack fa-lg">
                                    <i class="fa fa-circle fa-stack-2x"></i>
                                    <i class="fa fa-github fa-stack-1x fa-inverse"></i>
                                </span>
                            </a>
                        </li>
                    </ul>
                    <p class="copyright text-muted">Copyright &copy; Your Website 2014</p>
                </div>
            </div>
        </div>
    </footer>
        )

)
)
C:\xampp\htdocs\xampp\scabrosfw\core\Layout.php @ 36 -> loadTemplate(Array
(
    [0] => blog_layout
    [1] => Array
        (
            [cabecera] =>     <!-- Page Header -->
    <!-- Set your background image for this header on the line below. -->
    <header class="intro-header" style="background-image: url('img/post-bg.jpg')">
        <div class="container">
            <div class="row">
                <div class="col-lg-8 col-lg-offset-2 col-md-10 col-md-offset-1">
                    <div class="post-heading">
                        <h1>Man must explore, and this is exploration at its greatest</h1>
                        <h2 class="subheading">Problems look mighty small from 150 miles up</h2>
                        <span class="meta">Posted by <a href="#">Start Bootstrap</a> on August 24, 2014</span>
                    </div>
                </div>
            </div>
        </div>
    </header>
            [contenido] =>     <!-- Page Header -->
    <!-- Set your background image for this header on the line below. -->
    <header class="intro-header" style="background-image: url('http://localhost/xampp/scabrosfw/data/1')">
        <div class="container">
            <div class="row">
                <div class="col-lg-8 col-lg-offset-2 col-md-10 col-md-offset-1">
                    <div class="post-heading">
                        <h1>I Am Testing!</h1>
                        <h2 class="subheading">I Am Testing!</h2>
                        <span class="meta">Posted by <a href="#">user</a> on 2015-08-20</span>
                    </div>
                </div>
            </div>
        </div>
    </header>

    <!-- Post Content -->
    <article>
        <div class="container">
            <div class="row">
                <div class="col-lg-8 col-lg-offset-2 col-md-10 col-md-offset-1">
                  <p><strong>Este es un texto largo donde voy a probar como serian los posteos que haga...</strong></p>                </div>
            </div>
        </div>
    </article>

    <hr>

            [footer] =>     <!-- Footer -->
    <footer>
        <div class="container">
            <div class="row">
                <div class="col-lg-8 col-lg-offset-2 col-md-10 col-md-offset-1">
                    <ul class="list-inline text-center">
                        <li>
                            <a href="#">
                                <span class="fa-stack fa-lg">
                                    <i class="fa fa-circle fa-stack-2x"></i>
                                    <i class="fa fa-twitter fa-stack-1x fa-inverse"></i>
                                </span>
                            </a>
                        </li>
                        <li>
                            <a href="#">
                                <span class="fa-stack fa-lg">
                                    <i class="fa fa-circle fa-stack-2x"></i>
                                    <i class="fa fa-facebook fa-stack-1x fa-inverse"></i>
                                </span>
                            </a>
                        </li>
                        <li>
                            <a href="#">
                                <span class="fa-stack fa-lg">
                                    <i class="fa fa-circle fa-stack-2x"></i>
                                    <i class="fa fa-github fa-stack-1x fa-inverse"></i>
                                </span>
                            </a>
                        </li>
                    </ul>
                    <p class="copyright text-muted">Copyright &copy; Your Website 2014</p>
                </div>
            </div>
        </div>
    </footer>
        )

)
)
C:\xampp\htdocs\xampp\scabrosfw\post.php @ 14 -> entriesLayout(Array
(
    [0] =>     <!-- Page Header -->
    <!-- Set your background image for this header on the line below. -->
    <header class="intro-header" style="background-image: url('http://localhost/xampp/scabrosfw/data/1')">
        <div class="container">
            <div class="row">
                <div class="col-lg-8 col-lg-offset-2 col-md-10 col-md-offset-1">
                    <div class="post-heading">
                        <h1>I Am Testing!</h1>
                        <h2 class="subheading">I Am Testing!</h2>
                        <span class="meta">Posted by <a href="#">user</a> on 2015-08-20</span>
                    </div>
                </div>
            </div>
        </div>
    </header>

    <!-- Post Content -->
    <article>
        <div class="container">
            <div class="row">
                <div class="col-lg-8 col-lg-offset-2 col-md-10 col-md-offset-1">
                  <p><strong>Este es un texto largo donde voy a probar como serian los posteos que haga...</strong></p>                </div>
            </div>
        </div>
    </article>

    <hr>

)
)
